// Jest Snapshot v1, https://goo.gl/fbAQLP

exports[`<App /> should render without exploding 1`] = `
<AppContainer
  actions={
    Object {
      "newSignOnBoard": [Function],
      "nextPlayer": [Function],
      "restartGame": [Function],
      "verifyBoard": [Function],
    }
  }
  boardGrid={
    Array [
      Array [
        null,
        null,
        null,
      ],
      Array [
        null,
        null,
        null,
      ],
      Array [
        null,
        null,
        null,
      ],
    ]
  }
  currentPlayer={1}
  isTie={false}
  marksCount={0}
  playersSymbols={
    Object {
      "1": "X",
      "2": "O",
    }
  }
  store={
    Object {
      "clearActions": [Function],
      "dispatch": [Function],
      "getActions": [Function],
      "getState": [Function],
      "replaceReducer": [Function],
      "subscribe": [Function],
    }
  }
  winnerMarks={Object {}}
  winnerPlayer={null}
/>
`;
